Component: ARM Compiler 5.05 update 2 (build 169) Tool: armlink [4d0f33]

==============================================================================

Section Cross References

    startup_stm32f429_439xx.o(RESET) refers to startup_stm32f429_439xx.o(STACK) for __initial_sp
    startup_stm32f429_439xx.o(RESET) refers to startup_stm32f429_439xx.o(.text) for Reset_Handler
    startup_stm32f429_439xx.o(RESET) refers to stm32f4xx_it.o(.text) for NMI_Handler
    startup_stm32f429_439xx.o(RESET) refers to tm_stm32f4_dma.o(.text) for DMA1_Stream0_IRQHandler
    startup_stm32f429_439xx.o(RESET) refers to main.o(.text) for SPI1_IRQHandler
    startup_stm32f429_439xx.o(.text) refers to system_stm32f4xx.o(.text) for SystemInit
    startup_stm32f429_439xx.o(.text) refers to entry.o(.ARM.Collect$$$$00000000) for __main
    stm32f4xx_rcc.o(.text) refers to stm32f4xx_rcc.o(.data) for .data
    stm32f4xx_gpio.o(.text) refers to stm32f4xx_rcc.o(.text) for RCC_AHB1PeriphResetCmd
    tm_stm32f4_delay.o(.text) refers to malloc.o(i.malloc) for malloc
    tm_stm32f4_delay.o(.text) refers to malloc.o(i.free) for free
    tm_stm32f4_delay.o(.text) refers to tm_stm32f4_delay.o(.data) for .data
    tm_stm32f4_delay.o(.text) refers to tm_stm32f4_delay.o(.bss) for .bss
    tm_stm32f4_delay.o(.text) refers to system_stm32f4xx.o(.data) for SystemCoreClock
    tm_stm32f4_disco.o(.text) refers to tm_stm32f4_gpio.o(.text) for TM_GPIO_Init
    tm_stm32f4_disco.o(.text) refers to tm_stm32f4_disco.o(.data) for .data
    tm_stm32f4_gpio.o(.text) refers to tm_stm32f4_gpio.o(.bss) for .bss
    main.o(.text) refers to stm32f4xx_spi.o(.text) for SPI_I2S_GetFlagStatus
    main.o(.text) refers to stm32f4xx_rcc.o(.text) for RCC_AHB1PeriphClockCmd
    main.o(.text) refers to stm32f4xx_gpio.o(.text) for GPIO_Init
    main.o(.text) refers to system_stm32f4xx.o(.text) for SystemInit
    main.o(.text) refers to main.o(.data) for .data
    main.o(.text) refers to main.o(.bss) for .bss
    stm32f4xx_it.o(.text) refers to tm_stm32f4_delay.o(.text) for TimingDelay_Decrement
    system_stm32f4xx.o(.text) refers to system_stm32f4xx.o(.data) for .data
    tm_stm32f4_dma2d_graphic.o(.text) refers to stm32f4xx_dma2d.o(.text) for DMA2D_Init
    tm_stm32f4_dma2d_graphic.o(.text) refers to tm_stm32f4_dma2d_graphic.o(.bss) for .bss
    stm32f4xx_ltdc.o(.text) refers to stm32f4xx_rcc.o(.text) for RCC_APB2PeriphResetCmd
    tm_stm32f4_spi.o(.text) refers to tm_stm32f4_gpio.o(.text) for TM_GPIO_InitAlternate
    tm_stm32f4_spi.o(.text) refers to stm32f4xx_spi.o(.text) for SPI_StructInit
    tm_stm32f4_spi.o(.text) refers to stm32f4xx_rcc.o(.text) for RCC_GetClocksFreq
    stm32f4xx_spi.o(.text) refers to stm32f4xx_rcc.o(.text) for RCC_APB1PeriphResetCmd
    tm_stm32f4_sdram.o(.text) refers to stm32f4xx_fmc.o(.text) for FMC_SDRAMInit
    tm_stm32f4_sdram.o(.text) refers to tm_stm32f4_gpio.o(.text) for TM_GPIO_InitAlternate
    tm_stm32f4_sdram.o(.text) refers to tm_stm32f4_sdram.o(.data) for .data
    stm32f4xx_fmc.o(.text) refers to stm32f4xx_fmc.o(.constdata) for .constdata
    stm32f4xx_dma2d.o(.text) refers to stm32f4xx_rcc.o(.text) for RCC_AHB1PeriphResetCmd
    tm_stm32f4_fonts.o(.text) refers to strlen.o(.text) for strlen
    tm_stm32f4_fonts.o(.data) refers to tm_stm32f4_fonts.o(.constdata) for TM_Font7x10
    tm_stm32f4_fonts.o(.data) refers to tm_stm32f4_fonts.o(.constdata) for TM_Font11x18
    tm_stm32f4_fonts.o(.data) refers to tm_stm32f4_fonts.o(.constdata) for TM_Font16x26
    tm_stm32f4_ili9341.o(.text) refers to stm32f4xx_gpio.o(.text) for GPIO_ResetBits
    tm_stm32f4_ili9341.o(.text) refers to tm_stm32f4_spi.o(.text) for TM_SPI_SetDataSize
    tm_stm32f4_ili9341.o(.text) refers to tm_stm32f4_spi_dma.o(.text) for TM_SPI_DMA_SendHalfWord
    tm_stm32f4_ili9341.o(.text) refers to tm_stm32f4_gpio.o(.text) for TM_GPIO_Init
    tm_stm32f4_ili9341.o(.text) refers to tm_stm32f4_ili9341.o(.data) for .data
    tm_stm32f4_spi_dma.o(.text) refers to stm32f4xx_dma.o(.text) for DMA_DeInit
    tm_stm32f4_spi_dma.o(.text) refers to tm_stm32f4_dma.o(.text) for TM_DMA_ClearFlag
    tm_stm32f4_spi_dma.o(.text) refers to tm_stm32f4_spi_dma.o(.data) for .data
    tm_stm32f4_spi_dma.o(.text) refers to tm_stm32f4_spi_dma.o(.bss) for .bss
    tm_stm32f4_dma.o(.text) refers to misc.o(.text) for NVIC_Init
    tm_stm32f4_dma.o(.text) refers to tm_stm32f4_dma.o(.constdata) for .constdata
    entry.o(.ARM.Collect$$$$00000000) refers (Special) to entry10a.o(.ARM.Collect$$$$0000000D) for __rt_final_cpp
    entry.o(.ARM.Collect$$$$00000000) refers (Special) to entry11a.o(.ARM.Collect$$$$0000000F) for __rt_final_exit
    entry.o(.ARM.Collect$$$$00000000) refers (Special) to entry7b.o(.ARM.Collect$$$$00000008) for _main_clock
    entry.o(.ARM.Collect$$$$00000000) refers (Special) to entry8b.o(.ARM.Collect$$$$0000000A) for _main_cpp_init
    entry.o(.ARM.Collect$$$$00000000) refers (Special) to entry9a.o(.ARM.Collect$$$$0000000B) for _main_init
    entry.o(.ARM.Collect$$$$00000000) refers (Special) to entry5.o(.ARM.Collect$$$$00000004) for _main_scatterload
    entry.o(.ARM.Collect$$$$00000000) refers (Special) to entry2.o(.ARM.Collect$$$$00000001) for _main_stk
    malloc.o(i.free) refers to mvars.o(.data) for __microlib_freelist
    malloc.o(i.malloc) refers to mvars.o(.data) for __microlib_freelist_initialised
    malloc.o(i.malloc) refers to mvars.o(.data) for __microlib_freelist
    malloc.o(i.malloc) refers to startup_stm32f429_439xx.o(HEAP) for __heap_base
    mallocr.o(i.__free$realloc) refers to mvars.o(.data) for __microlib_freelist
    mallocr.o(i.__malloc$realloc) refers to mallocr.o(i.internal_alloc) for internal_alloc
    mallocr.o(i.__malloc$realloc) refers to mvars.o(.data) for __microlib_freelist_initialised
    mallocr.o(i.__malloc$realloc) refers to startup_stm32f429_439xx.o(HEAP) for __heap_base
    mallocr.o(i.__malloc$realloc) refers to mvars.o(.data) for __microlib_freelist
    mallocr.o(i.internal_alloc) refers to memcpya.o(.text) for __aeabi_memcpy
    mallocr.o(i.internal_alloc) refers to mvars.o(.data) for __microlib_freelist
    mallocr.o(i.realloc) refers to mallocr.o(i.__free$realloc) for __free$realloc
    mallocr.o(i.realloc) refers to mallocr.o(i.internal_alloc) for internal_alloc
    mallocr.o(i.realloc) refers to mallocr.o(i.__malloc$realloc) for __malloc$realloc
    mallocr.o(i.realloc) refers to mvars.o(.data) for __microlib_freelist
    malloca.o(i.__aligned_malloc) refers to mvars.o(.data) for __microlib_freelist_initialised
    malloca.o(i.__aligned_malloc) refers to mvars.o(.data) for __microlib_freelist
    malloca.o(i.__aligned_malloc) refers to startup_stm32f429_439xx.o(HEAP) for __heap_base
    malloca.o(i.__free$memalign) refers to mvars.o(.data) for __microlib_freelist
    malloca.o(i.__malloc$memalign) refers to malloca.o(i.__aligned_malloc) for __aligned_malloc
    mallocra.o(i.__aligned_malloc$realloc) refers to mallocra.o(i.internal_alloc) for internal_alloc
    mallocra.o(i.__aligned_malloc$realloc) refers to mvars.o(.data) for __microlib_freelist_initialised
    mallocra.o(i.__aligned_malloc$realloc) refers to startup_stm32f429_439xx.o(HEAP) for __heap_base
    mallocra.o(i.__aligned_malloc$realloc) refers to mvars.o(.data) for __microlib_freelist
    mallocra.o(i.__free$realloc$memalign) refers to mvars.o(.data) for __microlib_freelist
    mallocra.o(i.__malloc$realloc$memalign) refers to mallocra.o(i.__aligned_malloc$realloc) for __aligned_malloc$realloc
    mallocra.o(i.__realloc$memalign) refers to mallocra.o(i.__free$realloc$memalign) for __free$realloc$memalign
    mallocra.o(i.__realloc$memalign) refers to mallocra.o(i.internal_alloc) for internal_alloc
    mallocra.o(i.__realloc$memalign) refers to mallocra.o(i.__malloc$realloc$memalign) for __malloc$realloc$memalign
    mallocra.o(i.__realloc$memalign) refers to mvars.o(.data) for __microlib_freelist
    mallocra.o(i.internal_alloc) refers to memcpya.o(.text) for __aeabi_memcpy
    mallocra.o(i.internal_alloc) refers to mvars.o(.data) for __microlib_freelist
    entry2.o(.ARM.Collect$$$$00000001) refers to entry2.o(.ARM.Collect$$$$00002712) for __lit__00000000
    entry2.o(.ARM.Collect$$$$00002712) refers to startup_stm32f429_439xx.o(STACK) for __initial_sp
    entry2.o(__vectab_stack_and_reset_area) refers to startup_stm32f429_439xx.o(STACK) for __initial_sp
    entry2.o(__vectab_stack_and_reset_area) refers to entry.o(.ARM.Collect$$$$00000000) for __main
    entry5.o(.ARM.Collect$$$$00000004) refers to init.o(.text) for __scatterload
    entry9a.o(.ARM.Collect$$$$0000000B) refers to main.o(.text) for main
    entry9b.o(.ARM.Collect$$$$0000000C) refers to main.o(.text) for main
    init.o(.text) refers to entry5.o(.ARM.Collect$$$$00000004) for __main_after_scatterload


==============================================================================

Removing Unused input sections from the image.

    Removing misc.o(.rev16_text), (4 bytes).
    Removing misc.o(.revsh_text), (4 bytes).
    Removing misc.o(.rrx_text), (6 bytes).
    Removing stm32f4xx_rcc.o(.rev16_text), (4 bytes).
    Removing stm32f4xx_rcc.o(.revsh_text), (4 bytes).
    Removing stm32f4xx_rcc.o(.rrx_text), (6 bytes).
    Removing stm32f4xx_gpio.o(.rev16_text), (4 bytes).
    Removing stm32f4xx_gpio.o(.revsh_text), (4 bytes).
    Removing stm32f4xx_gpio.o(.rrx_text), (6 bytes).
    Removing tm_stm32f4_delay.o(.rev16_text), (4 bytes).
    Removing tm_stm32f4_delay.o(.revsh_text), (4 bytes).
    Removing tm_stm32f4_delay.o(.rrx_text), (6 bytes).
    Removing tm_stm32f4_delay.o(.data), (4 bytes).
    Removing tm_stm32f4_disco.o(.rev16_text), (4 bytes).
    Removing tm_stm32f4_disco.o(.revsh_text), (4 bytes).
    Removing tm_stm32f4_disco.o(.rrx_text), (6 bytes).
    Removing tm_stm32f4_disco.o(.text), (132 bytes).
    Removing tm_stm32f4_disco.o(.data), (1 bytes).
    Removing tm_stm32f4_gpio.o(.rev16_text), (4 bytes).
    Removing tm_stm32f4_gpio.o(.revsh_text), (4 bytes).
    Removing tm_stm32f4_gpio.o(.rrx_text), (6 bytes).
    Removing tm_stm32f4_gpio.o(.text), (668 bytes).
    Removing tm_stm32f4_gpio.o(.bss), (22 bytes).
    Removing main.o(.rev16_text), (4 bytes).
    Removing main.o(.revsh_text), (4 bytes).
    Removing main.o(.rrx_text), (6 bytes).
    Removing main.o(.data), (2 bytes).
    Removing stm32f4xx_it.o(.rev16_text), (4 bytes).
    Removing stm32f4xx_it.o(.revsh_text), (4 bytes).
    Removing stm32f4xx_it.o(.rrx_text), (6 bytes).
    Removing system_stm32f4xx.o(.rev16_text), (4 bytes).
    Removing system_stm32f4xx.o(.revsh_text), (4 bytes).
    Removing system_stm32f4xx.o(.rrx_text), (6 bytes).
    Removing tm_stm32f4_dma2d_graphic.o(.rev16_text), (4 bytes).
    Removing tm_stm32f4_dma2d_graphic.o(.revsh_text), (4 bytes).
    Removing tm_stm32f4_dma2d_graphic.o(.rrx_text), (6 bytes).
    Removing tm_stm32f4_dma2d_graphic.o(.text), (3588 bytes).
    Removing tm_stm32f4_dma2d_graphic.o(.bss), (68 bytes).
    Removing stm32f4xx_ltdc.o(.rev16_text), (4 bytes).
    Removing stm32f4xx_ltdc.o(.revsh_text), (4 bytes).
    Removing stm32f4xx_ltdc.o(.rrx_text), (6 bytes).
    Removing stm32f4xx_ltdc.o(.text), (1132 bytes).
    Removing tm_stm32f4_spi.o(.rev16_text), (4 bytes).
    Removing tm_stm32f4_spi.o(.revsh_text), (4 bytes).
    Removing tm_stm32f4_spi.o(.rrx_text), (6 bytes).
    Removing tm_stm32f4_spi.o(.text), (1580 bytes).
    Removing stm32f4xx_spi.o(.rev16_text), (4 bytes).
    Removing stm32f4xx_spi.o(.revsh_text), (4 bytes).
    Removing stm32f4xx_spi.o(.rrx_text), (6 bytes).
    Removing tm_stm32f4_sdram.o(.rev16_text), (4 bytes).
    Removing tm_stm32f4_sdram.o(.revsh_text), (4 bytes).
    Removing tm_stm32f4_sdram.o(.rrx_text), (6 bytes).
    Removing tm_stm32f4_sdram.o(.text), (528 bytes).
    Removing tm_stm32f4_sdram.o(.data), (1 bytes).
    Removing stm32f4xx_fmc.o(.rev16_text), (4 bytes).
    Removing stm32f4xx_fmc.o(.revsh_text), (4 bytes).
    Removing stm32f4xx_fmc.o(.rrx_text), (6 bytes).
    Removing stm32f4xx_fmc.o(.text), (1880 bytes).
    Removing stm32f4xx_fmc.o(.constdata), (28 bytes).
    Removing stm32f4xx_dma2d.o(.rev16_text), (4 bytes).
    Removing stm32f4xx_dma2d.o(.revsh_text), (4 bytes).
    Removing stm32f4xx_dma2d.o(.rrx_text), (6 bytes).
    Removing stm32f4xx_dma2d.o(.text), (692 bytes).
    Removing stm32f4xx_dma.o(.rev16_text), (4 bytes).
    Removing stm32f4xx_dma.o(.revsh_text), (4 bytes).
    Removing stm32f4xx_dma.o(.rrx_text), (6 bytes).
    Removing stm32f4xx_dma.o(.text), (800 bytes).
    Removing tm_stm32f4_fonts.o(.rev16_text), (4 bytes).
    Removing tm_stm32f4_fonts.o(.revsh_text), (4 bytes).
    Removing tm_stm32f4_fonts.o(.rrx_text), (6 bytes).
    Removing tm_stm32f4_fonts.o(.text), (28 bytes).
    Removing tm_stm32f4_fonts.o(.constdata), (1900 bytes).
    Removing tm_stm32f4_fonts.o(.constdata), (3420 bytes).
    Removing tm_stm32f4_fonts.o(.constdata), (4940 bytes).
    Removing tm_stm32f4_fonts.o(.data), (8 bytes).
    Removing tm_stm32f4_fonts.o(.data), (8 bytes).
    Removing tm_stm32f4_fonts.o(.data), (8 bytes).
    Removing tm_stm32f4_ili9341.o(.rev16_text), (4 bytes).
    Removing tm_stm32f4_ili9341.o(.revsh_text), (4 bytes).
    Removing tm_stm32f4_ili9341.o(.rrx_text), (6 bytes).
    Removing tm_stm32f4_ili9341.o(.text), (2402 bytes).
    Removing tm_stm32f4_ili9341.o(.data), (1 bytes).
    Removing tm_stm32f4_ili9341.o(.data), (10 bytes).
    Removing tm_stm32f4_spi_dma.o(.rev16_text), (4 bytes).
    Removing tm_stm32f4_spi_dma.o(.revsh_text), (4 bytes).
    Removing tm_stm32f4_spi_dma.o(.rrx_text), (6 bytes).
    Removing tm_stm32f4_spi_dma.o(.text), (744 bytes).
    Removing tm_stm32f4_spi_dma.o(.bss), (60 bytes).
    Removing tm_stm32f4_spi_dma.o(.data), (144 bytes).
    Removing tm_stm32f4_dma.o(.rev16_text), (4 bytes).
    Removing tm_stm32f4_dma.o(.revsh_text), (4 bytes).
    Removing tm_stm32f4_dma.o(.rrx_text), (6 bytes).

92 unused section(s) (total 25093 bytes) removed from the image.

==============================================================================

Image Symbol Table

    Local Symbols

    Symbol Name                              Value     Ov Type        Size  Object(Section)

    ../clib/microlib/init/entry.s            0x00000000   Number         0  entry11b.o ABSOLUTE
    ../clib/microlib/init/entry.s            0x00000000   Number         0  entry11a.o ABSOLUTE
    ../clib/microlib/init/entry.s            0x00000000   Number         0  entry10a.o ABSOLUTE
    ../clib/microlib/init/entry.s            0x00000000   Number         0  entry9b.o ABSOLUTE
    ../clib/microlib/init/entry.s            0x00000000   Number         0  entry9a.o ABSOLUTE
    ../clib/microlib/init/entry.s            0x00000000   Number         0  entry.o ABSOLUTE
    ../clib/microlib/init/entry.s            0x00000000   Number         0  entry8b.o ABSOLUTE
    ../clib/microlib/init/entry.s            0x00000000   Number         0  entry8a.o ABSOLUTE
    ../clib/microlib/init/entry.s            0x00000000   Number         0  entry7b.o ABSOLUTE
    ../clib/microlib/init/entry.s            0x00000000   Number         0  entry7a.o ABSOLUTE
    ../clib/microlib/init/entry.s            0x00000000   Number         0  entry5.o ABSOLUTE
    ../clib/microlib/init/entry.s            0x00000000   Number         0  entry10b.o ABSOLUTE
    ../clib/microlib/init/entry.s            0x00000000   Number         0  entry2.o ABSOLUTE
    ../clib/microlib/malloc/malloc.c         0x00000000   Number         0  mallocra.o ABSOLUTE
    ../clib/microlib/malloc/malloc.c         0x00000000   Number         0  malloca.o ABSOLUTE
    ../clib/microlib/malloc/malloc.c         0x00000000   Number         0  mallocr.o ABSOLUTE
    ../clib/microlib/malloc/malloc.c         0x00000000   Number         0  malloc.o ABSOLUTE
    ../clib/microlib/malloc/mvars.c          0x00000000   Number         0  mvars.o ABSOLUTE
    ../clib/microlib/string/memcpy.c         0x00000000   Number         0  memcpyb.o ABSOLUTE
    ../clib/microlib/string/memcpy.c         0x00000000   Number         0  memcpya.o ABSOLUTE
    ../clib/microlib/string/strlen.c         0x00000000   Number         0  strlen.o ABSOLUTE
    ..\00-STM32F4xx_STANDARD_PERIPHERAL_DRIVERS\CMSIS\Device\ST\STM32F4xx\Source\Templates\arm\startup_stm32f429_439xx.s 0x00000000   Number         0  startup_stm32f429_439xx.o ABSOLUTE
    ..\00-STM32F4xx_STANDARD_PERIPHERAL_DRIVERS\STM32F4xx_StdPeriph_Driver\src\misc.c 0x00000000   Number         0  misc.o ABSOLUTE
    ..\00-STM32F4xx_STANDARD_PERIPHERAL_DRIVERS\STM32F4xx_StdPeriph_Driver\src\stm32f4xx_dma.c 0x00000000   Number         0  stm32f4xx_dma.o ABSOLUTE
    ..\00-STM32F4xx_STANDARD_PERIPHERAL_DRIVERS\STM32F4xx_StdPeriph_Driver\src\stm32f4xx_gpio.c 0x00000000   Number         0  stm32f4xx_gpio.o ABSOLUTE
    ..\00-STM32F4xx_STANDARD_PERIPHERAL_DRIVERS\STM32F4xx_StdPeriph_Driver\src\stm32f4xx_rcc.c 0x00000000   Number         0  stm32f4xx_rcc.o ABSOLUTE
    ..\\00-STM32F4xx_STANDARD_PERIPHERAL_DRIVERS\\STM32F4xx_StdPeriph_Driver\\src\\misc.c 0x00000000   Number         0  misc.o ABSOLUTE
    ..\\00-STM32F4xx_STANDARD_PERIPHERAL_DRIVERS\\STM32F4xx_StdPeriph_Driver\\src\\stm32f4xx_dma.c 0x00000000   Number         0  stm32f4xx_dma.o ABSOLUTE
    ..\\00-STM32F4xx_STANDARD_PERIPHERAL_DRIVERS\\STM32F4xx_StdPeriph_Driver\\src\\stm32f4xx_gpio.c 0x00000000   Number         0  stm32f4xx_gpio.o ABSOLUTE
    ..\\00-STM32F4xx_STANDARD_PERIPHERAL_DRIVERS\\STM32F4xx_StdPeriph_Driver\\src\\stm32f4xx_rcc.c 0x00000000   Number         0  stm32f4xx_rcc.o ABSOLUTE
    User\\main.c                             0x00000000   Number         0  main.o ABSOLUTE
    User\\stm32f4xx_it.c                     0x00000000   Number         0  stm32f4xx_it.o ABSOLUTE
    User\\system_stm32f4xx.c                 0x00000000   Number         0  system_stm32f4xx.o ABSOLUTE
    User\main.c                              0x00000000   Number         0  main.o ABSOLUTE
    User\stm32f4xx_it.c                      0x00000000   Number         0  stm32f4xx_it.o ABSOLUTE
    User\system_stm32f4xx.c                  0x00000000   Number         0  system_stm32f4xx.o ABSOLUTE
    dc.s                                     0x00000000   Number         0  dc.o ABSOLUTE
    handlers.s                               0x00000000   Number         0  handlers.o ABSOLUTE
    init.s                                   0x00000000   Number         0  init.o ABSOLUTE
    stm32f4xx_dma2d.c                        0x00000000   Number         0  stm32f4xx_dma2d.o ABSOLUTE
    stm32f4xx_dma2d.c                        0x00000000   Number         0  stm32f4xx_dma2d.o ABSOLUTE
    stm32f4xx_fmc.c                          0x00000000   Number         0  stm32f4xx_fmc.o ABSOLUTE
    stm32f4xx_fmc.c                          0x00000000   Number         0  stm32f4xx_fmc.o ABSOLUTE
    stm32f4xx_ltdc.c                         0x00000000   Number         0  stm32f4xx_ltdc.o ABSOLUTE
    stm32f4xx_ltdc.c                         0x00000000   Number         0  stm32f4xx_ltdc.o ABSOLUTE
    stm32f4xx_spi.c                          0x00000000   Number         0  stm32f4xx_spi.o ABSOLUTE
    stm32f4xx_spi.c                          0x00000000   Number         0  stm32f4xx_spi.o ABSOLUTE
    tm_stm32f4_delay.c                       0x00000000   Number         0  tm_stm32f4_delay.o ABSOLUTE
    tm_stm32f4_delay.c                       0x00000000   Number         0  tm_stm32f4_delay.o ABSOLUTE
    tm_stm32f4_disco.c                       0x00000000   Number         0  tm_stm32f4_disco.o ABSOLUTE
    tm_stm32f4_disco.c                       0x00000000   Number         0  tm_stm32f4_disco.o ABSOLUTE
    tm_stm32f4_dma.c                         0x00000000   Number         0  tm_stm32f4_dma.o ABSOLUTE
    tm_stm32f4_dma.c                         0x00000000   Number         0  tm_stm32f4_dma.o ABSOLUTE
    tm_stm32f4_dma2d_graphic.c               0x00000000   Number         0  tm_stm32f4_dma2d_graphic.o ABSOLUTE
    tm_stm32f4_dma2d_graphic.c               0x00000000   Number         0  tm_stm32f4_dma2d_graphic.o ABSOLUTE
    tm_stm32f4_fonts.c                       0x00000000   Number         0  tm_stm32f4_fonts.o ABSOLUTE
    tm_stm32f4_fonts.c                       0x00000000   Number         0  tm_stm32f4_fonts.o ABSOLUTE
    tm_stm32f4_gpio.c                        0x00000000   Number         0  tm_stm32f4_gpio.o ABSOLUTE
    tm_stm32f4_gpio.c                        0x00000000   Number         0  tm_stm32f4_gpio.o ABSOLUTE
    tm_stm32f4_ili9341.c                     0x00000000   Number         0  tm_stm32f4_ili9341.o ABSOLUTE
    tm_stm32f4_ili9341.c                     0x00000000   Number         0  tm_stm32f4_ili9341.o ABSOLUTE
    tm_stm32f4_sdram.c                       0x00000000   Number         0  tm_stm32f4_sdram.o ABSOLUTE
    tm_stm32f4_sdram.c                       0x00000000   Number         0  tm_stm32f4_sdram.o ABSOLUTE
    tm_stm32f4_spi.c                         0x00000000   Number         0  tm_stm32f4_spi.o ABSOLUTE
    tm_stm32f4_spi.c                         0x00000000   Number         0  tm_stm32f4_spi.o ABSOLUTE
    tm_stm32f4_spi_dma.c                     0x00000000   Number         0  tm_stm32f4_spi_dma.o ABSOLUTE
    tm_stm32f4_spi_dma.c                     0x00000000   Number         0  tm_stm32f4_spi_dma.o ABSOLUTE
    RESET                                    0x08000000   Section      428  startup_stm32f429_439xx.o(RESET)
    .ARM.Collect$$$$00000000                 0x080001ac   Section        0  entry.o(.ARM.Collect$$$$00000000)
    .ARM.Collect$$$$00000001                 0x080001ac   Section        4  entry2.o(.ARM.Collect$$$$00000001)
    .ARM.Collect$$$$00000004                 0x080001b0   Section        4  entry5.o(.ARM.Collect$$$$00000004)
    .ARM.Collect$$$$00000008                 0x080001b4   Section        0  entry7b.o(.ARM.Collect$$$$00000008)
    .ARM.Collect$$$$0000000A                 0x080001b4   Section        0  entry8b.o(.ARM.Collect$$$$0000000A)
    .ARM.Collect$$$$0000000B                 0x080001b4   Section        8  entry9a.o(.ARM.Collect$$$$0000000B)
    .ARM.Collect$$$$0000000D                 0x080001bc   Section        0  entry10a.o(.ARM.Collect$$$$0000000D)
    .ARM.Collect$$$$0000000F                 0x080001bc   Section        0  entry11a.o(.ARM.Collect$$$$0000000F)
    .ARM.Collect$$$$00002712                 0x080001bc   Section        4  entry2.o(.ARM.Collect$$$$00002712)
    __lit__00000000                          0x080001bc   Data           4  entry2.o(.ARM.Collect$$$$00002712)
    .text                                    0x080001c0   Section       36  startup_stm32f429_439xx.o(.text)
    $v0                                      0x080001c0   Number         0  startup_stm32f429_439xx.o(.text)
    .text                                    0x080001e4   Section        0  misc.o(.text)
    .text                                    0x08000294   Section        0  stm32f4xx_rcc.o(.text)
    .text                                    0x08000718   Section        0  stm32f4xx_gpio.o(.text)
    .text                                    0x08000924   Section        0  tm_stm32f4_delay.o(.text)
    .text                                    0x08000aa4   Section        0  main.o(.text)
    .text                                    0x08000c28   Section        0  stm32f4xx_it.o(.text)
    .text                                    0x08000c44   Section        0  system_stm32f4xx.o(.text)
    SetSysClock                              0x08000c45   Thumb Code   190  system_stm32f4xx.o(.text)
    .text                                    0x08000ddc   Section        0  stm32f4xx_spi.o(.text)
    .text                                    0x08001108   Section        0  tm_stm32f4_dma.o(.text)
    TM_DMA_INT_ProcessInterrupt              0x08001229   Thumb Code   102  tm_stm32f4_dma.o(.text)
    .text                                    0x080012fc   Section       36  init.o(.text)
    i.__scatterload_copy                     0x08001320   Section       14  handlers.o(i.__scatterload_copy)
    i.__scatterload_null                     0x0800132e   Section        2  handlers.o(i.__scatterload_null)
    i.__scatterload_zeroinit                 0x08001330   Section       14  handlers.o(i.__scatterload_zeroinit)
    i.free                                   0x08001340   Section        0  malloc.o(i.free)
    i.malloc                                 0x08001390   Section        0  malloc.o(i.malloc)
    .constdata                               0x080013fc   Section       20  tm_stm32f4_dma.o(.constdata)
    DMA_Flags_Bit_Pos                        0x080013fc   Data           4  tm_stm32f4_dma.o(.constdata)
    DMA_IRQs                                 0x08001400   Data          16  tm_stm32f4_dma.o(.constdata)
    .data                                    0x20000000   Section       16  stm32f4xx_rcc.o(.data)
    APBAHBPrescTable                         0x20000000   Data          16  stm32f4xx_rcc.o(.data)
    .data                                    0x20000010   Section       16  tm_stm32f4_delay.o(.data)
    .data                                    0x20000020   Section        8  main.o(.data)
    .data                                    0x20000028   Section       20  system_stm32f4xx.o(.data)
    .data                                    0x2000003c   Section        4  mvars.o(.data)
    .data                                    0x20000040   Section        4  mvars.o(.data)
    .bss                                     0x20000044   Section       24  tm_stm32f4_delay.o(.bss)
    CustomTimers                             0x20000044   Data          24  tm_stm32f4_delay.o(.bss)
    .bss                                     0x2000005c   Section     2400  main.o(.bss)
    HEAP                                     0x200009c0   Section      512  startup_stm32f429_439xx.o(HEAP)
    STACK                                    0x20000bc0   Section     1024  startup_stm32f429_439xx.o(STACK)

    Global Symbols

    Symbol Name                              Value     Ov Type        Size  Object(Section)

    BuildAttributes$$THM_ISAv4$E$P$D$K$B$S$7EM$VFPi3$EXTD16$VFPS$VFMA$PE$A:L22UL41UL21$X:L11$S22US41US21$IEEE1$IW$USESV6$~STKCKD$USESV7$~SHL$OSPACE$EBA8$MICROLIB$REQ8$PRES8$EABIv2 0x00000000   Number         0  anon$$obj.o ABSOLUTE
    __ARM_use_no_argv                        0x00000000   Number         0  main.o ABSOLUTE
    TM_DELAY_1msHandler                       - Undefined Weak Reference
    TM_SPI_InitCustomPinsCallback             - Undefined Weak Reference
    __cpp_initialize__aeabi_                  - Undefined Weak Reference
    __cxa_finalize                            - Undefined Weak Reference
    __decompress                              - Undefined Weak Reference
    _clock_init                               - Undefined Weak Reference
    _microlib_exit                            - Undefined Weak Reference
    __Vectors_Size                           0x000001ac   Number         0  startup_stm32f429_439xx.o ABSOLUTE
    __Vectors                                0x08000000   Data           4  startup_stm32f429_439xx.o(RESET)
    __Vectors_End                            0x080001ac   Data           0  startup_stm32f429_439xx.o(RESET)
    __main                                   0x080001ad   Thumb Code     0  entry.o(.ARM.Collect$$$$00000000)
    _main_stk                                0x080001ad   Thumb Code     0  entry2.o(.ARM.Collect$$$$00000001)
    _main_scatterload                        0x080001b1   Thumb Code     0  entry5.o(.ARM.Collect$$$$00000004)
    __main_after_scatterload                 0x080001b5   Thumb Code     0  entry5.o(.ARM.Collect$$$$00000004)
    _main_clock                              0x080001b5   Thumb Code     0  entry7b.o(.ARM.Collect$$$$00000008)
    _main_cpp_init                           0x080001b5   Thumb Code     0  entry8b.o(.ARM.Collect$$$$0000000A)
    _main_init                               0x080001b5   Thumb Code     0  entry9a.o(.ARM.Collect$$$$0000000B)
    __rt_final_cpp                           0x080001bd   Thumb Code     0  entry10a.o(.ARM.Collect$$$$0000000D)
    __rt_final_exit                          0x080001bd   Thumb Code     0  entry11a.o(.ARM.Collect$$$$0000000F)
    Reset_Handler                            0x080001c1   Thumb Code     8  startup_stm32f429_439xx.o(.text)
    ADC_IRQHandler                           0x080001db   Thumb Code     0  startup_stm32f429_439xx.o(.text)
    CAN1_RX0_IRQHandler                      0x080001db   Thumb Code     0  startup_stm32f429_439xx.o(.text)
    CAN1_RX1_IRQHandler                      0x080001db   Thumb Code     0  startup_stm32f429_439xx.o(.text)
    CAN1_SCE_IRQHandler                      0x080001db   Thumb Code     0  startup_stm32f429_439xx.o(.text)
    CAN1_TX_IRQHandler                       0x080001db   Thumb Code     0  startup_stm32f429_439xx.o(.text)
    CAN2_RX0_IRQHandler                      0x080001db   Thumb Code     0  startup_stm32f429_439xx.o(.text)
    CAN2_RX1_IRQHandler                      0x080001db   Thumb Code     0  startup_stm32f429_439xx.o(.text)
    CAN2_SCE_IRQHandler                      0x080001db   Thumb Code     0  startup_stm32f429_439xx.o(.text)
    CAN2_TX_IRQHandler                       0x080001db   Thumb Code     0  startup_stm32f429_439xx.o(.text)
    CRYP_IRQHandler                          0x080001db   Thumb Code     0  startup_stm32f429_439xx.o(.text)
    DCMI_IRQHandler                          0x080001db   Thumb Code     0  startup_stm32f429_439xx.o(.text)
    DMA2D_IRQHandler                         0x080001db   Thumb Code     0  startup_stm32f429_439xx.o(.text)
    ETH_IRQHandler                           0x080001db   Thumb Code     0  startup_stm32f429_439xx.o(.text)
    ETH_WKUP_IRQHandler                      0x080001db   Thumb Code     0  startup_stm32f429_439xx.o(.text)
    EXTI0_IRQHandler                         0x080001db   Thumb Code     0  startup_stm32f429_439xx.o(.text)
    EXTI15_10_IRQHandler                     0x080001db   Thumb Code     0  startup_stm32f429_439xx.o(.text)
    EXTI1_IRQHandler                         0x080001db   Thumb Code     0  startup_stm32f429_439xx.o(.text)
    EXTI2_IRQHandler                         0x080001db   Thumb Code     0  startup_stm32f429_439xx.o(.text)
    EXTI3_IRQHandler                         0x080001db   Thumb Code     0  startup_stm32f429_439xx.o(.text)
    EXTI4_IRQHandler                         0x080001db   Thumb Code     0  startup_stm32f429_439xx.o(.text)
    EXTI9_5_IRQHandler                       0x080001db   Thumb Code     0  startup_stm32f429_439xx.o(.text)
    FLASH_IRQHandler                         0x080001db   Thumb Code     0  startup_stm32f429_439xx.o(.text)
    FMC_IRQHandler                           0x080001db   Thumb Code     0  startup_stm32f429_439xx.o(.text)
    FPU_IRQHandler                           0x080001db   Thumb Code     0  startup_stm32f429_439xx.o(.text)
    HASH_RNG_IRQHandler                      0x080001db   Thumb Code     0  startup_stm32f429_439xx.o(.text)
    I2C1_ER_IRQHandler                       0x080001db   Thumb Code     0  startup_stm32f429_439xx.o(.text)
    I2C1_EV_IRQHandler                       0x080001db   Thumb Code     0  startup_stm32f429_439xx.o(.text)
    I2C2_ER_IRQHandler                       0x080001db   Thumb Code     0  startup_stm32f429_439xx.o(.text)
    I2C2_EV_IRQHandler                       0x080001db   Thumb Code     0  startup_stm32f429_439xx.o(.text)
    I2C3_ER_IRQHandler                       0x080001db   Thumb Code     0  startup_stm32f429_439xx.o(.text)
    I2C3_EV_IRQHandler                       0x080001db   Thumb Code     0  startup_stm32f429_439xx.o(.text)
    LTDC_ER_IRQHandler                       0x080001db   Thumb Code     0  startup_stm32f429_439xx.o(.text)
    LTDC_IRQHandler                          0x080001db   Thumb Code     0  startup_stm32f429_439xx.o(.text)
    OTG_FS_IRQHandler                        0x080001db   Thumb Code     0  startup_stm32f429_439xx.o(.text)
    OTG_FS_WKUP_IRQHandler                   0x080001db   Thumb Code     0  startup_stm32f429_439xx.o(.text)
    OTG_HS_EP1_IN_IRQHandler                 0x080001db   Thumb Code     0  startup_stm32f429_439xx.o(.text)
    OTG_HS_EP1_OUT_IRQHandler                0x080001db   Thumb Code     0  startup_stm32f429_439xx.o(.text)
    OTG_HS_IRQHandler                        0x080001db   Thumb Code     0  startup_stm32f429_439xx.o(.text)
    OTG_HS_WKUP_IRQHandler                   0x080001db   Thumb Code     0  startup_stm32f429_439xx.o(.text)
    PVD_IRQHandler                           0x080001db   Thumb Code     0  startup_stm32f429_439xx.o(.text)
    RCC_IRQHandler                           0x080001db   Thumb Code     0  startup_stm32f429_439xx.o(.text)
    RTC_Alarm_IRQHandler                     0x080001db   Thumb Code     0  startup_stm32f429_439xx.o(.text)
    RTC_WKUP_IRQHandler                      0x080001db   Thumb Code     0  startup_stm32f429_439xx.o(.text)
    SAI1_IRQHandler                          0x080001db   Thumb Code     0  startup_stm32f429_439xx.o(.text)
    SDIO_IRQHandler                          0x080001db   Thumb Code     0  startup_stm32f429_439xx.o(.text)
    SPI2_IRQHandler                          0x080001db   Thumb Code     0  startup_stm32f429_439xx.o(.text)
    SPI3_IRQHandler                          0x080001db   Thumb Code     0  startup_stm32f429_439xx.o(.text)
    SPI4_IRQHandler                          0x080001db   Thumb Code     0  startup_stm32f429_439xx.o(.text)
    SPI5_IRQHandler                          0x080001db   Thumb Code     0  startup_stm32f429_439xx.o(.text)
    SPI6_IRQHandler                          0x080001db   Thumb Code     0  startup_stm32f429_439xx.o(.text)
    TAMP_STAMP_IRQHandler                    0x080001db   Thumb Code     0  startup_stm32f429_439xx.o(.text)
    TIM1_BRK_TIM9_IRQHandler                 0x080001db   Thumb Code     0  startup_stm32f429_439xx.o(.text)
    TIM1_CC_IRQHandler                       0x080001db   Thumb Code     0  startup_stm32f429_439xx.o(.text)
    TIM1_TRG_COM_TIM11_IRQHandler            0x080001db   Thumb Code     0  startup_stm32f429_439xx.o(.text)
    TIM1_UP_TIM10_IRQHandler                 0x080001db   Thumb Code     0  startup_stm32f429_439xx.o(.text)
    TIM2_IRQHandler                          0x080001db   Thumb Code     0  startup_stm32f429_439xx.o(.text)
    TIM3_IRQHandler                          0x080001db   Thumb Code     0  startup_stm32f429_439xx.o(.text)
    TIM4_IRQHandler                          0x080001db   Thumb Code     0  startup_stm32f429_439xx.o(.text)
    TIM5_IRQHandler                          0x080001db   Thumb Code     0  startup_stm32f429_439xx.o(.text)
    TIM6_DAC_IRQHandler                      0x080001db   Thumb Code     0  startup_stm32f429_439xx.o(.text)
    TIM7_IRQHandler                          0x080001db   Thumb Code     0  startup_stm32f429_439xx.o(.text)
    TIM8_BRK_TIM12_IRQHandler                0x080001db   Thumb Code     0  startup_stm32f429_439xx.o(.text)
    TIM8_CC_IRQHandler                       0x080001db   Thumb Code     0  startup_stm32f429_439xx.o(.text)
    TIM8_TRG_COM_TIM14_IRQHandler            0x080001db   Thumb Code     0  startup_stm32f429_439xx.o(.text)
    TIM8_UP_TIM13_IRQHandler                 0x080001db   Thumb Code     0  startup_stm32f429_439xx.o(.text)
    UART4_IRQHandler                         0x080001db   Thumb Code     0  startup_stm32f429_439xx.o(.text)
    UART5_IRQHandler                         0x080001db   Thumb Code     0  startup_stm32f429_439xx.o(.text)
    UART7_IRQHandler                         0x080001db   Thumb Code     0  startup_stm32f429_439xx.o(.text)
    UART8_IRQHandler                         0x080001db   Thumb Code     0  startup_stm32f429_439xx.o(.text)
    USART1_IRQHandler                        0x080001db   Thumb Code     0  startup_stm32f429_439xx.o(.text)
    USART2_IRQHandler                        0x080001db   Thumb Code     0  startup_stm32f429_439xx.o(.text)
    USART3_IRQHandler                        0x080001db   Thumb Code     0  startup_stm32f429_439xx.o(.text)
    USART6_IRQHandler                        0x080001db   Thumb Code     0  startup_stm32f429_439xx.o(.text)
    WWDG_IRQHandler                          0x080001db   Thumb Code     0  startup_stm32f429_439xx.o(.text)
    NVIC_PriorityGroupConfig                 0x080001e5   Thumb Code    10  misc.o(.text)
    NVIC_Init                                0x080001ef   Thumb Code    96  misc.o(.text)
    NVIC_SetVectorTable                      0x0800024f   Thumb Code    14  misc.o(.text)
    NVIC_SystemLPConfig                      0x0800025d   Thumb Code    20  misc.o(.text)
    SysTick_CLKSourceConfig                  0x08000271   Thumb Code    24  misc.o(.text)
    RCC_DeInit                               0x08000295   Thumb Code    68  stm32f4xx_rcc.o(.text)
    RCC_HSEConfig                            0x080002d9   Thumb Code    12  stm32f4xx_rcc.o(.text)
    RCC_GetFlagStatus                        0x080002e5   Thumb Code    46  stm32f4xx_rcc.o(.text)
    RCC_WaitForHSEStartUp                    0x08000313   Thumb Code    44  stm32f4xx_rcc.o(.text)
    RCC_AdjustHSICalibrationValue            0x0800033f   Thumb Code    16  stm32f4xx_rcc.o(.text)
    RCC_HSICmd                               0x0800034f   Thumb Code     6  stm32f4xx_rcc.o(.text)
    RCC_LSEConfig                            0x08000355   Thumb Code    24  stm32f4xx_rcc.o(.text)
    RCC_LSICmd                               0x0800036d   Thumb Code     6  stm32f4xx_rcc.o(.text)
    RCC_PLLConfig                            0x08000373   Thumb Code    32  stm32f4xx_rcc.o(.text)
    RCC_PLLCmd                               0x08000393   Thumb Code     6  stm32f4xx_rcc.o(.text)
    RCC_PLLI2SConfig                         0x08000399   Thumb Code    18  stm32f4xx_rcc.o(.text)
    RCC_PLLI2SCmd                            0x080003ab   Thumb Code     6  stm32f4xx_rcc.o(.text)
    RCC_PLLSAIConfig                         0x080003b1   Thumb Code    18  stm32f4xx_rcc.o(.text)
    RCC_PLLSAICmd                            0x080003c3   Thumb Code     6  stm32f4xx_rcc.o(.text)
    RCC_ClockSecuritySystemCmd               0x080003c9   Thumb Code     6  stm32f4xx_rcc.o(.text)
    RCC_MCO1Config                           0x080003cf   Thumb Code    18  stm32f4xx_rcc.o(.text)
    RCC_MCO2Config                           0x080003e1   Thumb Code    18  stm32f4xx_rcc.o(.text)
    RCC_SYSCLKConfig                         0x080003f3   Thumb Code    16  stm32f4xx_rcc.o(.text)
    RCC_GetSYSCLKSource                      0x08000403   Thumb Code    12  stm32f4xx_rcc.o(.text)
    RCC_HCLKConfig                           0x0800040f   Thumb Code    16  stm32f4xx_rcc.o(.text)
    RCC_PCLK1Config                          0x0800041f   Thumb Code    16  stm32f4xx_rcc.o(.text)
    RCC_PCLK2Config                          0x0800042f   Thumb Code    18  stm32f4xx_rcc.o(.text)
    RCC_GetClocksFreq                        0x08000441   Thumb Code   134  stm32f4xx_rcc.o(.text)
    RCC_RTCCLKConfig                         0x080004c7   Thumb Code    42  stm32f4xx_rcc.o(.text)
    RCC_RTCCLKCmd                            0x080004f1   Thumb Code     8  stm32f4xx_rcc.o(.text)
    RCC_BackupResetCmd                       0x080004f9   Thumb Code     8  stm32f4xx_rcc.o(.text)
    RCC_I2SCLKConfig                         0x08000501   Thumb Code     8  stm32f4xx_rcc.o(.text)
    RCC_SAIBlockACLKConfig                   0x08000509   Thumb Code    16  stm32f4xx_rcc.o(.text)
    RCC_SAIBlockBCLKConfig                   0x08000519   Thumb Code    16  stm32f4xx_rcc.o(.text)
    RCC_SAIPLLI2SClkDivConfig                0x08000529   Thumb Code    18  stm32f4xx_rcc.o(.text)
    RCC_SAIPLLSAIClkDivConfig                0x0800053b   Thumb Code    24  stm32f4xx_rcc.o(.text)
    RCC_LTDCCLKDivConfig                     0x08000553   Thumb Code    16  stm32f4xx_rcc.o(.text)
    RCC_TIMCLKPresConfig                     0x08000563   Thumb Code     8  stm32f4xx_rcc.o(.text)
    RCC_AHB1PeriphClockCmd                   0x0800056b   Thumb Code    20  stm32f4xx_rcc.o(.text)
    RCC_AHB2PeriphClockCmd                   0x0800057f   Thumb Code    20  stm32f4xx_rcc.o(.text)
    RCC_AHB3PeriphClockCmd                   0x08000593   Thumb Code    20  stm32f4xx_rcc.o(.text)
    RCC_APB1PeriphClockCmd                   0x080005a7   Thumb Code    20  stm32f4xx_rcc.o(.text)
    RCC_APB2PeriphClockCmd                   0x080005bb   Thumb Code    20  stm32f4xx_rcc.o(.text)
    RCC_AHB1PeriphResetCmd                   0x080005cf   Thumb Code    20  stm32f4xx_rcc.o(.text)
    RCC_AHB2PeriphResetCmd                   0x080005e3   Thumb Code    20  stm32f4xx_rcc.o(.text)
    RCC_AHB3PeriphResetCmd                   0x080005f7   Thumb Code    20  stm32f4xx_rcc.o(.text)
    RCC_APB1PeriphResetCmd                   0x0800060b   Thumb Code    20  stm32f4xx_rcc.o(.text)
    RCC_APB2PeriphResetCmd                   0x0800061f   Thumb Code    20  stm32f4xx_rcc.o(.text)
    RCC_AHB1PeriphClockLPModeCmd             0x08000633   Thumb Code    20  stm32f4xx_rcc.o(.text)
    RCC_AHB2PeriphClockLPModeCmd             0x08000647   Thumb Code    20  stm32f4xx_rcc.o(.text)
    RCC_AHB3PeriphClockLPModeCmd             0x0800065b   Thumb Code    20  stm32f4xx_rcc.o(.text)
    RCC_APB1PeriphClockLPModeCmd             0x0800066f   Thumb Code    64  stm32f4xx_rcc.o(.text)
    RCC_APB2PeriphClockLPModeCmd             0x080006af   Thumb Code    18  stm32f4xx_rcc.o(.text)
    RCC_LSEModeConfig                        0x080006c1   Thumb Code    24  stm32f4xx_rcc.o(.text)
    RCC_ITConfig                             0x080006d9   Thumb Code    20  stm32f4xx_rcc.o(.text)
    RCC_ClearFlag                            0x080006ed   Thumb Code    14  stm32f4xx_rcc.o(.text)
    RCC_GetITStatus                          0x080006fb   Thumb Code    18  stm32f4xx_rcc.o(.text)
    RCC_ClearITPendingBit                    0x0800070d   Thumb Code     8  stm32f4xx_rcc.o(.text)
    GPIO_DeInit                              0x08000719   Thumb Code   216  stm32f4xx_gpio.o(.text)
    GPIO_Init                                0x080007f1   Thumb Code   120  stm32f4xx_gpio.o(.text)
    GPIO_StructInit                          0x08000869   Thumb Code    18  stm32f4xx_gpio.o(.text)
    GPIO_PinLockConfig                       0x0800087b   Thumb Code    24  stm32f4xx_gpio.o(.text)
    GPIO_ReadInputDataBit                    0x08000893   Thumb Code    14  stm32f4xx_gpio.o(.text)
    GPIO_ReadInputData                       0x080008a1   Thumb Code     6  stm32f4xx_gpio.o(.text)
    GPIO_ReadOutputDataBit                   0x080008a7   Thumb Code    14  stm32f4xx_gpio.o(.text)
    GPIO_ReadOutputData                      0x080008b5   Thumb Code     6  stm32f4xx_gpio.o(.text)
    GPIO_SetBits                             0x080008bb   Thumb Code     4  stm32f4xx_gpio.o(.text)
    GPIO_ResetBits                           0x080008bf   Thumb Code     4  stm32f4xx_gpio.o(.text)
    GPIO_WriteBit                            0x080008c3   Thumb Code    10  stm32f4xx_gpio.o(.text)
    GPIO_Write                               0x080008cd   Thumb Code     4  stm32f4xx_gpio.o(.text)
    GPIO_ToggleBits                          0x080008d1   Thumb Code     8  stm32f4xx_gpio.o(.text)
    GPIO_PinAFConfig                         0x080008d9   Thumb Code    32  stm32f4xx_gpio.o(.text)
    TimingDelay_Decrement                    0x08000925   Thumb Code    88  tm_stm32f4_delay.o(.text)
    TM_DELAY_Init                            0x0800097d   Thumb Code    60  tm_stm32f4_delay.o(.text)
    TM_DELAY_EnableDelayTimer                0x080009b9   Thumb Code    22  tm_stm32f4_delay.o(.text)
    TM_DELAY_DisableDelayTimer               0x080009cf   Thumb Code    14  tm_stm32f4_delay.o(.text)
    TM_DELAY_TimerCreate                     0x080009dd   Thumb Code    68  tm_stm32f4_delay.o(.text)
    TM_DELAY_TimerDelete                     0x08000a21   Thumb Code    86  tm_stm32f4_delay.o(.text)
    TM_DELAY_TimerStop                       0x08000a77   Thumb Code     6  tm_stm32f4_delay.o(.text)
    TM_DELAY_TimerStart                      0x08000a7d   Thumb Code     6  tm_stm32f4_delay.o(.text)
    TM_DELAY_TimerReset                      0x08000a83   Thumb Code     6  tm_stm32f4_delay.o(.text)
    TM_DELAY_TimerAutoReload                 0x08000a89   Thumb Code     4  tm_stm32f4_delay.o(.text)
    TM_DELAY_TimerAutoReloadValue            0x08000a8d   Thumb Code     4  tm_stm32f4_delay.o(.text)
    SPI1_IRQHandler                          0x08000aa5   Thumb Code    62  main.o(.text)
    TM_SPI_Init1                             0x08000ae3   Thumb Code   286  main.o(.text)
    main                                     0x08000c01   Thumb Code    10  main.o(.text)
    NMI_Handler                              0x08000c29   Thumb Code     2  stm32f4xx_it.o(.text)
    HardFault_Handler                        0x08000c2b   Thumb Code     2  stm32f4xx_it.o(.text)
    MemManage_Handler                        0x08000c2d   Thumb Code     2  stm32f4xx_it.o(.text)
    BusFault_Handler                         0x08000c2f   Thumb Code     2  stm32f4xx_it.o(.text)
    UsageFault_Handler                       0x08000c31   Thumb Code     2  stm32f4xx_it.o(.text)
    SVC_Handler                              0x08000c33   Thumb Code     2  stm32f4xx_it.o(.text)
    DebugMon_Handler                         0x08000c35   Thumb Code     2  stm32f4xx_it.o(.text)
    PendSV_Handler                           0x08000c37   Thumb Code     2  stm32f4xx_it.o(.text)
    SysTick_Handler                          0x08000c3b   Thumb Code     8  stm32f4xx_it.o(.text)
    SystemInit                               0x08000d03   Thumb Code    74  system_stm32f4xx.o(.text)
    SystemCoreClockUpdate                    0x08000d4d   Thumb Code   108  system_stm32f4xx.o(.text)
    SPI_I2S_DeInit                           0x08000ddd   Thumb Code   108  stm32f4xx_spi.o(.text)
    SPI_Init                                 0x08000e49   Thumb Code    56  stm32f4xx_spi.o(.text)
    I2S_Init                                 0x08000e81   Thumb Code   198  stm32f4xx_spi.o(.text)
    SPI_StructInit                           0x08000f47   Thumb Code    24  stm32f4xx_spi.o(.text)
    I2S_StructInit                           0x08000f5f   Thumb Code    18  stm32f4xx_spi.o(.text)
    SPI_Cmd                                  0x08000f71   Thumb Code    20  stm32f4xx_spi.o(.text)
    I2S_Cmd                                  0x08000f85   Thumb Code    20  stm32f4xx_spi.o(.text)
    SPI_DataSizeConfig                       0x08000f99   Thumb Code    16  stm32f4xx_spi.o(.text)
    SPI_BiDirectionalLineConfig              0x08000fa9   Thumb Code    22  stm32f4xx_spi.o(.text)
    SPI_NSSInternalSoftwareConfig            0x08000fbf   Thumb Code    24  stm32f4xx_spi.o(.text)
    SPI_SSOutputCmd                          0x08000fd7   Thumb Code    20  stm32f4xx_spi.o(.text)
    SPI_TIModeCmd                            0x08000feb   Thumb Code    20  stm32f4xx_spi.o(.text)
    I2S_FullDuplexConfig                     0x08000fff   Thumb Code    58  stm32f4xx_spi.o(.text)
    SPI_I2S_ReceiveData                      0x08001039   Thumb Code     4  stm32f4xx_spi.o(.text)
    SPI_I2S_SendData                         0x0800103d   Thumb Code     4  stm32f4xx_spi.o(.text)
    SPI_CalculateCRC                         0x08001041   Thumb Code    20  stm32f4xx_spi.o(.text)
    SPI_TransmitCRC                          0x08001055   Thumb Code    10  stm32f4xx_spi.o(.text)
    SPI_GetCRC                               0x0800105f   Thumb Code    12  stm32f4xx_spi.o(.text)
    SPI_GetCRCPolynomial                     0x0800106b   Thumb Code     4  stm32f4xx_spi.o(.text)
    SPI_I2S_DMACmd                           0x0800106f   Thumb Code    16  stm32f4xx_spi.o(.text)
    SPI_I2S_ITConfig                         0x0800107f   Thumb Code    24  stm32f4xx_spi.o(.text)
    SPI_I2S_GetFlagStatus                    0x08001097   Thumb Code    14  stm32f4xx_spi.o(.text)
    SPI_I2S_ClearFlag                        0x080010a5   Thumb Code     6  stm32f4xx_spi.o(.text)
    SPI_I2S_GetITStatus                      0x080010ab   Thumb Code    44  stm32f4xx_spi.o(.text)
    SPI_I2S_ClearITPendingBit                0x080010d7   Thumb Code    14  stm32f4xx_spi.o(.text)
    TM_DMA_ClearFlag                         0x08001109   Thumb Code    52  tm_stm32f4_dma.o(.text)
    TM_DMA_ClearFlags                        0x0800113d   Thumb Code     4  tm_stm32f4_dma.o(.text)
    TM_DMA_GetFlags                          0x08001141   Thumb Code    52  tm_stm32f4_dma.o(.text)
    TM_DMA_EnableInterrupts                  0x08001175   Thumb Code    94  tm_stm32f4_dma.o(.text)
    TM_DMA_DisableInterrupts                 0x080011d3   Thumb Code    76  tm_stm32f4_dma.o(.text)
    TM_DMA_TransferCompleteHandler           0x0800121f   Thumb Code     2  tm_stm32f4_dma.o(.text)
    TM_DMA_HalfTransferCompleteHandler       0x08001221   Thumb Code     2  tm_stm32f4_dma.o(.text)
    TM_DMA_TransferErrorHandler              0x08001223   Thumb Code     2  tm_stm32f4_dma.o(.text)
    TM_DMA_DirectModeErrorHandler            0x08001225   Thumb Code     2  tm_stm32f4_dma.o(.text)
    TM_DMA_FIFOErrorHandler                  0x08001227   Thumb Code     2  tm_stm32f4_dma.o(.text)
    DMA1_Stream0_IRQHandler                  0x0800128f   Thumb Code     6  tm_stm32f4_dma.o(.text)
    DMA1_Stream1_IRQHandler                  0x08001295   Thumb Code     6  tm_stm32f4_dma.o(.text)
    DMA1_Stream2_IRQHandler                  0x0800129b   Thumb Code     6  tm_stm32f4_dma.o(.text)
    DMA1_Stream3_IRQHandler                  0x080012a1   Thumb Code     6  tm_stm32f4_dma.o(.text)
    DMA1_Stream4_IRQHandler                  0x080012a7   Thumb Code     6  tm_stm32f4_dma.o(.text)
    DMA1_Stream5_IRQHandler                  0x080012ad   Thumb Code     6  tm_stm32f4_dma.o(.text)
    DMA1_Stream6_IRQHandler                  0x080012b3   Thumb Code     6  tm_stm32f4_dma.o(.text)
    DMA1_Stream7_IRQHandler                  0x080012b9   Thumb Code     6  tm_stm32f4_dma.o(.text)
    DMA2_Stream0_IRQHandler                  0x080012bf   Thumb Code     4  tm_stm32f4_dma.o(.text)
    DMA2_Stream1_IRQHandler                  0x080012c3   Thumb Code     6  tm_stm32f4_dma.o(.text)
    DMA2_Stream2_IRQHandler                  0x080012c9   Thumb Code     6  tm_stm32f4_dma.o(.text)
    DMA2_Stream3_IRQHandler                  0x080012cf   Thumb Code     6  tm_stm32f4_dma.o(.text)
    DMA2_Stream4_IRQHandler                  0x080012d5   Thumb Code     6  tm_stm32f4_dma.o(.text)
    DMA2_Stream5_IRQHandler                  0x080012db   Thumb Code     6  tm_stm32f4_dma.o(.text)
    DMA2_Stream6_IRQHandler                  0x080012e1   Thumb Code     6  tm_stm32f4_dma.o(.text)
    DMA2_Stream7_IRQHandler                  0x080012e7   Thumb Code     6  tm_stm32f4_dma.o(.text)
    __scatterload                            0x080012fd   Thumb Code    28  init.o(.text)
    __scatterload_rt2                        0x080012fd   Thumb Code     0  init.o(.text)
    __scatterload_copy                       0x08001321   Thumb Code    14  handlers.o(i.__scatterload_copy)
    __scatterload_null                       0x0800132f   Thumb Code     2  handlers.o(i.__scatterload_null)
    __scatterload_zeroinit                   0x08001331   Thumb Code    14  handlers.o(i.__scatterload_zeroinit)
    free                                     0x08001341   Thumb Code    76  malloc.o(i.free)
    malloc                                   0x08001391   Thumb Code    92  malloc.o(i.malloc)
    Region$$Table$$Base                      0x08001410   Number         0  anon$$obj.o(Region$$Table)
    Region$$Table$$Limit                     0x08001430   Number         0  anon$$obj.o(Region$$Table)
    TM_DELAY_Initialized                     0x20000010   Data           1  tm_stm32f4_delay.o(.data)
    TM_Time                                  0x20000014   Data           4  tm_stm32f4_delay.o(.data)
    TM_Time2                                 0x20000018   Data           4  tm_stm32f4_delay.o(.data)
    mult                                     0x2000001c   Data           4  tm_stm32f4_delay.o(.data)
    gj                                       0x20000020   Data           4  main.o(.data)
    m                                        0x20000024   Data           4  main.o(.data)
    SystemCoreClock                          0x20000028   Data           4  system_stm32f4xx.o(.data)
    AHBPrescTable                            0x2000002c   Data          16  system_stm32f4xx.o(.data)
    __microlib_freelist                      0x2000003c   Data           4  mvars.o(.data)
    __microlib_freelist_initialised          0x20000040   Data           4  mvars.o(.data)
    res                                      0x2000005c   Data        2400  main.o(.bss)
    __heap_base                              0x200009c0   Data           0  startup_stm32f429_439xx.o(HEAP)
    __heap_limit                             0x20000bc0   Data           0  startup_stm32f429_439xx.o(HEAP)
    __initial_sp                             0x20000fc0   Data           0  startup_stm32f429_439xx.o(STACK)



==============================================================================

Memory Map of the image

  Image Entry point : 0x080001ad

  Load Region LR_IROM1 (Base: 0x08000000, Size: 0x00001474, Max: 0x00200000, ABSOLUTE)

    Execution Region ER_IROM1 (Base: 0x08000000, Size: 0x00001430, Max: 0x00200000, ABSOLUTE)

    Base Addr    Size         Type   Attr      Idx    E Section Name        Object

    0x08000000   0x000001ac   Data   RO            3    RESET               startup_stm32f429_439xx.o
    0x080001ac   0x00000000   Code   RO          777  * .ARM.Collect$$$$00000000  mc_w.l(entry.o)
    0x080001ac   0x00000004   Code   RO          810    .ARM.Collect$$$$00000001  mc_w.l(entry2.o)
    0x080001b0   0x00000004   Code   RO          813    .ARM.Collect$$$$00000004  mc_w.l(entry5.o)
    0x080001b4   0x00000000   Code   RO          815    .ARM.Collect$$$$00000008  mc_w.l(entry7b.o)
    0x080001b4   0x00000000   Code   RO          817    .ARM.Collect$$$$0000000A  mc_w.l(entry8b.o)
    0x080001b4   0x00000008   Code   RO          818    .ARM.Collect$$$$0000000B  mc_w.l(entry9a.o)
    0x080001bc   0x00000000   Code   RO          820    .ARM.Collect$$$$0000000D  mc_w.l(entry10a.o)
    0x080001bc   0x00000000   Code   RO          822    .ARM.Collect$$$$0000000F  mc_w.l(entry11a.o)
    0x080001bc   0x00000004   Code   RO          811    .ARM.Collect$$$$00002712  mc_w.l(entry2.o)
    0x080001c0   0x00000024   Code   RO            4    .text               startup_stm32f429_439xx.o
    0x080001e4   0x000000b0   Code   RO           13    .text               misc.o
    0x08000294   0x00000484   Code   RO          151    .text               stm32f4xx_rcc.o
    0x08000718   0x0000020c   Code   RO          177    .text               stm32f4xx_gpio.o
    0x08000924   0x00000180   Code   RO          201    .text               tm_stm32f4_delay.o
    0x08000aa4   0x00000184   Code   RO          308    .text               main.o
    0x08000c28   0x0000001a   Code   RO          376    .text               stm32f4xx_it.o
    0x08000c42   0x00000002   PAD
    0x08000c44   0x00000198   Code   RO          403    .text               system_stm32f4xx.o
    0x08000ddc   0x0000032c   Code   RO          516    .text               stm32f4xx_spi.o
    0x08001108   0x000001f4   Code   RO          750    .text               tm_stm32f4_dma.o
    0x080012fc   0x00000024   Code   RO          830    .text               mc_w.l(init.o)
    0x08001320   0x0000000e   Code   RO          834    i.__scatterload_copy  mc_w.l(handlers.o)
    0x0800132e   0x00000002   Code   RO          835    i.__scatterload_null  mc_w.l(handlers.o)
    0x08001330   0x0000000e   Code   RO          836    i.__scatterload_zeroinit  mc_w.l(handlers.o)
    0x0800133e   0x00000002   PAD
    0x08001340   0x00000050   Code   RO          782    i.free              mc_w.l(malloc.o)
    0x08001390   0x0000006c   Code   RO          783    i.malloc            mc_w.l(malloc.o)
    0x080013fc   0x00000014   Data   RO          751    .constdata          tm_stm32f4_dma.o
    0x08001410   0x00000020   Data   RO          832    Region$$Table       anon$$obj.o


    Execution Region RW_IRAM1 (Base: 0x20000000, Size: 0x00000fc0, Max: 0x00030000, ABSOLUTE)

    Base Addr    Size         Type   Attr      Idx    E Section Name        Object

    0x20000000   0x00000010   Data   RW          152    .data               stm32f4xx_rcc.o
    0x20000010   0x00000010   Data   RW          204    .data               tm_stm32f4_delay.o
    0x20000020   0x00000008   Data   RW          311    .data               main.o
    0x20000028   0x00000014   Data   RW          404    .data               system_stm32f4xx.o
    0x2000003c   0x00000004   Data   RW          828    .data               mc_w.l(mvars.o)
    0x20000040   0x00000004   Data   RW          829    .data               mc_w.l(mvars.o)
    0x20000044   0x00000018   Zero   RW          202    .bss                tm_stm32f4_delay.o
    0x2000005c   0x00000960   Zero   RW          309    .bss                main.o
    0x200009bc   0x00000004   PAD
    0x200009c0   0x00000200   Zero   RW            2    HEAP                startup_stm32f429_439xx.o
    0x20000bc0   0x00000400   Zero   RW            1    STACK               startup_stm32f429_439xx.o


==============================================================================

Image component sizes


      Code (inc. data)   RO Data    RW Data    ZI Data      Debug   Object Name

       388         30          0          8       2400      28762   main.o
       176         12          0          0          0     279581   misc.o
        36          8        428          0       1536       1092   startup_stm32f429_439xx.o
       524         44          0          0          0       4685   stm32f4xx_gpio.o
        26          0          0          0          0       1516   stm32f4xx_it.o
      1156         48          0         16          0      13256   stm32f4xx_rcc.o
       812         36          0          0          0       7181   stm32f4xx_spi.o
       408         36          0         20          0       2155   system_stm32f4xx.o
       384         20          0         16         24      33378   tm_stm32f4_delay.o
       500         16         20          0          0      32197   tm_stm32f4_dma.o

    ----------------------------------------------------------------------
      4412        250        480         60       3964     403803   Object Totals
         0          0         32          0          0          0   (incl. Generated)
         2          0          0          0          4          0   (incl. Padding)

    ----------------------------------------------------------------------

      Code (inc. data)   RO Data    RW Data    ZI Data      Debug   Library Member Name

         0          0          0          0          0          0   entry.o
         0          0          0          0          0          0   entry10a.o
         0          0          0          0          0          0   entry11a.o
         8          4          0          0          0          0   entry2.o
         4          0          0          0          0          0   entry5.o
         0          0          0          0          0          0   entry7b.o
         0          0          0          0          0          0   entry8b.o
         8          4          0          0          0          0   entry9a.o
        30          0          0          0          0          0   handlers.o
        36          8          0          0          0         68   init.o
       188         20          0          0          0        160   malloc.o
         0          0          0          8          0          0   mvars.o

    ----------------------------------------------------------------------
       276         36          0          8          0        228   Library Totals
         2          0          0          0          0          0   (incl. Padding)

    ----------------------------------------------------------------------

      Code (inc. data)   RO Data    RW Data    ZI Data      Debug   Library Name

       274         36          0          8          0        228   mc_w.l

    ----------------------------------------------------------------------
       276         36          0          8          0        228   Library Totals

    ----------------------------------------------------------------------

==============================================================================


      Code (inc. data)   RO Data    RW Data    ZI Data      Debug   

      4688        286        480         68       3964     402083   Grand Totals
      4688        286        480         68       3964     402083   ELF Image Totals
      4688        286        480         68          0          0   ROM Totals

==============================================================================

    Total RO  Size (Code + RO Data)                 5168 (   5.05kB)
    Total RW  Size (RW Data + ZI Data)              4032 (   3.94kB)
    Total ROM Size (Code + RO Data + RW Data)       5236 (   5.11kB)

==============================================================================

